\BOOKMARK [1][-]{part*.2}{\376\377\000P\000a\000r\000t\000\040\000I\000\040\040\024\000\040\000W\000S\000L\0002\000\040\000S\000e\000t\000u\000p\000\040\000a\000n\000d\000\040\000M\000e\000n\000t\000a\000l\000\040\000M\000o\000d\000e\000l}{}% 1
\BOOKMARK [1][-]{section.1}{\376\377\000W\000h\000a\000t\000\040\000W\000S\000L\0002\000\040\000I\000s\000,\000\040\000a\000n\000d\000\040\000W\000h\000y\000\040\000B\000a\000s\000h\000\040\000f\000o\000r\000\040\000D\000a\000t\000a\000\040\000W\000o\000r\000k}{}% 2
\BOOKMARK [1][-]{section.2}{\376\377\000I\000n\000s\000t\000a\000l\000l\000i\000n\000g\000\040\000W\000S\000L\0002\000\040\000a\000n\000d\000\040\000U\000b\000u\000n\000t\000u}{}% 3
\BOOKMARK [1][-]{section.3}{\376\377\000T\000h\000e\000\040\000L\000i\000n\000u\000x\000\040\000F\000i\000l\000e\000s\000y\000s\000t\000e\000m\000\040\000a\000n\000d\000\040\000W\000h\000e\000r\000e\000\040\000Y\000o\000u\000r\000\040\000C\000o\000d\000e\000\040\000L\000i\000v\000e\000s}{}% 4
\BOOKMARK [1][-]{part*.9}{\376\377\000P\000a\000r\000t\000\040\000I\000I\000\040\040\024\000\040\000B\000a\000s\000h\000\040\000F\000u\000n\000d\000a\000m\000e\000n\000t\000a\000l\000s}{}% 5
\BOOKMARK [1][-]{section.4}{\376\377\000G\000e\000t\000t\000i\000n\000g\000\040\000A\000r\000o\000u\000n\000d\000:\000\040\000F\000i\000l\000e\000s\000\040\000a\000n\000d\000\040\000D\000i\000r\000e\000c\000t\000o\000r\000i\000e\000s}{}% 6
\BOOKMARK [1][-]{section.5}{\376\377\000P\000i\000p\000e\000s\000,\000\040\000S\000t\000r\000e\000a\000m\000s\000,\000\040\000a\000n\000d\000\040\000R\000e\000d\000i\000r\000e\000c\000t\000i\000o\000n}{}% 7
\BOOKMARK [1][-]{section.6}{\376\377\000V\000a\000r\000i\000a\000b\000l\000e\000s\000,\000\040\000Q\000u\000o\000t\000i\000n\000g\000,\000\040\000a\000n\000d\000\040\000S\000u\000b\000s\000t\000i\000t\000u\000t\000i\000o\000n}{}% 8
\BOOKMARK [1][-]{section.7}{\376\377\000T\000h\000e\000\040\000E\000s\000s\000e\000n\000t\000i\000a\000l\000\040\000T\000e\000x\000t\000\040\000T\000o\000o\000l\000k\000i\000t}{}% 9
\BOOKMARK [1][-]{part*.28}{\376\377\000P\000a\000r\000t\000\040\000I\000I\000I\000\040\040\024\000\040\000D\000a\000t\000a\000\040\000W\000r\000a\000n\000g\000l\000i\000n\000g}{}% 10
\BOOKMARK [1][-]{section.8}{\376\377\000C\000S\000V\000\040\000a\000n\000d\000\040\000T\000S\000V\000\040\000w\000i\000t\000h\000\040\000a\000w\000k\000,\000\040\000m\000i\000l\000l\000e\000r\000,\000\040\000a\000n\000d\000\040\000c\000s\000v\000k\000i\000t}{}% 11
\BOOKMARK [1][-]{section.9}{\376\377\000J\000S\000O\000N\000\040\000w\000i\000t\000h\000\040\000j\000q}{}% 12
\BOOKMARK [1][-]{section.10}{\376\377\000H\000T\000T\000P\000\040\000a\000n\000d\000\040\000A\000P\000I\000s\000\040\000w\000i\000t\000h\000\040\000c\000u\000r\000l}{}% 13
\BOOKMARK [1][-]{part*.39}{\376\377\000P\000a\000r\000t\000\040\000I\000V\000\040\040\024\000\040\000E\000n\000v\000i\000r\000o\000n\000m\000e\000n\000t\000\040\000a\000n\000d\000\040\000P\000y\000t\000h\000o\000n}{}% 14
\BOOKMARK [1][-]{section.11}{\376\377\000E\000n\000v\000i\000r\000o\000n\000m\000e\000n\000t\000\040\000V\000a\000r\000i\000a\000b\000l\000e\000s\000,\000\040\000.\000b\000a\000s\000h\000r\000c\000,\000\040\000a\000n\000d\000\040\000d\000o\000t\000e\000n\000v}{}% 15
\BOOKMARK [1][-]{section.12}{\376\377\000P\000y\000t\000h\000o\000n\000\040\000o\000n\000\040\000U\000b\000u\000n\000t\000u}{}% 16
\BOOKMARK [1][-]{section.13}{\376\377\000V\000i\000r\000t\000u\000a\000l\000\040\000E\000n\000v\000i\000r\000o\000n\000m\000e\000n\000t\000s\000\040\000w\000i\000t\000h\000\040\000u\000v\000\040\000a\000n\000d\000\040\000v\000e\000n\000v}{}% 17
\BOOKMARK [1][-]{part*.51}{\376\377\000P\000a\000r\000t\000\040\000V\000\040\040\024\000\040\000T\000h\000e\000\040\000D\000a\000t\000a\000\040\000\046\000\040\000M\000L\000\040\000E\000c\000o\000s\000y\000s\000t\000e\000m}{}% 18
\BOOKMARK [1][-]{section.14}{\376\377\000D\000o\000c\000k\000e\000r\000\040\000o\000n\000\040\000W\000S\000L\0002}{}% 19
\BOOKMARK [1][-]{section.15}{\376\377\000C\000U\000D\000A\000\040\000/\000\040\000G\000P\000U\000\040\000P\000a\000s\000s\000t\000h\000r\000o\000u\000g\000h\000\040\000f\000o\000r\000\040\000M\000L}{}% 20
\BOOKMARK [1][-]{section.16}{\376\377\000A\000W\000S\000,\000\040\000M\000o\000n\000g\000o\000D\000B\000,\000\040\000a\000n\000d\000\040\000M\000y\000S\000Q\000L\000\040\000C\000l\000i\000e\000n\000t\000s\000\040\000i\000n\000\040\0003\0000\000\040\000L\000i\000n\000e\000s}{}% 21
\BOOKMARK [1][-]{part*.63}{\376\377\000P\000a\000r\000t\000\040\000V\000I\000\040\040\024\000\040\000S\000c\000r\000i\000p\000t\000i\000n\000g\000\040\000a\000n\000d\000\040\000a\000\040\000R\000e\000a\000l\000\040\000E\000T\000L}{}% 22
\BOOKMARK [1][-]{section.17}{\376\377\000B\000a\000s\000h\000\040\000S\000c\000r\000i\000p\000t\000i\000n\000g\000\040\000B\000a\000s\000i\000c\000s}{}% 23
\BOOKMARK [1][-]{section.18}{\376\377\000P\000u\000t\000t\000i\000n\000g\000\040\000I\000t\000\040\000T\000o\000g\000e\000t\000h\000e\000r\000\040\040\024\000\040\000A\000\040\000M\000i\000n\000i\000\040\000E\000T\000L\000\040\000W\000a\000l\000k\000t\000h\000r\000o\000u\000g\000h}{}% 24
\BOOKMARK [1][-]{part*.74}{\376\377\000P\000a\000r\000t\000\040\000V\000I\000I\000\040\040\024\000\040\000R\000e\000f\000e\000r\000e\000n\000c\000e}{}% 25
\BOOKMARK [1][-]{section.19}{\376\377\000C\000o\000m\000m\000o\000n\000\040\000P\000i\000t\000f\000a\000l\000l\000s}{}% 26
\BOOKMARK [1][-]{section.20}{\376\377\000Q\000u\000i\000c\000k\000\040\000R\000e\000f\000e\000r\000e\000n\000c\000e\000\040\000C\000a\000r\000d}{}% 27
